-- PGSpider Extension does not have pg_spd_node_info table
-- --Testcase 1:
-- DELETE FROM pg_spd_node_info;
--Testcase 2:
CREATE EXTENSION pgspider_ext;
--Testcase 3:
CREATE SERVER pgspider_svr FOREIGN DATA WRAPPER pgspider_ext;
--Testcase 4:
CREATE USER MAPPING FOR public SERVER pgspider_svr;
--Testcase 5:
CREATE TABLE test1 (
    one     INT8,
    two     INT8[],
    three   TEXT,
    four    TIMESTAMP,
    five    DATE,
    six     BOOL,
    seven   FLOAT8,
    __spd_url text) 
 PARTITION BY LIST (__spd_url);
-- create parquet_s3_fdw extension
SET datestyle = 'ISO';
SET client_min_messages = WARNING;
SET log_statement TO 'none';
--Testcase 6:
CREATE EXTENSION parquet_s3_fdw;
--Testcase 7:
CREATE SERVER parquet_s3_svr FOREIGN DATA WRAPPER parquet_s3_fdw OPTIONS (use_minio 'true');
--Testcase 8:
CREATE USER MAPPING FOR public SERVER parquet_s3_svr OPTIONS (user 'minioadmin', password 'minioadmin');
-- Enable to pushdown aggregate
SET enable_partitionwise_aggregate TO on;
-- Turn off leader node participation to avoid duplicate data error when executing
-- parallel query
SET parallel_leader_participation TO off;
-- create multi-tenant
--Testcase 9:
CREATE FOREIGN TABLE test1__parquet_s3_svr__0 (
    one     INT8,
    two     INT8[],
    three   TEXT,
    four    TIMESTAMP,
    five    DATE,
    six     BOOL,
    seven   FLOAT8)
SERVER parquet_s3_svr
OPTIONS (filename 's3://parquets3/ported_1.parquet', sorted 'one');
CREATE FOREIGN TABLE test1_parquet_s3_child0 PARTITION OF test1 FOR VALUES IN ('/parquet_s3_svr_0/') SERVER pgspider_svr OPTIONS(child_name 'test1__parquet_s3_svr__0');
--Testcase 10:
SELECT * FROM test1 ORDER BY one;
     one     |    two     | three |        four         |    five    | six | seven |     __spd_url      
-------------+------------+-------+---------------------+------------+-----+-------+--------------------
 -2147483648 | {1,2,3}    | foo   | 2018-01-01 00:00:00 | 1975-06-18 | t   |   0.5 | /parquet_s3_svr_0/
           0 | {NULL,5,6} | bar   | 2018-01-02 00:00:00 | 1980-01-02 | f   |       | /parquet_s3_svr_0/
           1 | {7,8,9}    | baz   | 2018-01-03 00:00:00 | 1999-05-03 | t   |     1 | /parquet_s3_svr_0/
           2 | {10,11,12} | uno   | 2018-01-04 00:00:00 | 2018-01-04 | f   |   0.5 | /parquet_s3_svr_0/
(4 rows)

--Testcase 11:
CREATE FOREIGN TABLE test1__parquet_s3_svr__1 (
    one     INT8,
    two     INT8[],
    three   TEXT,
    four    TIMESTAMP,
    five    DATE,
    six     BOOL,
    seven   FLOAT8)
SERVER parquet_s3_svr
OPTIONS (filename 's3://parquets3/ported_2.parquet', sorted 'one');
CREATE FOREIGN TABLE test1_parquet_s3_child1 PARTITION OF test1 FOR VALUES IN ('/parquet_s3_svr_1/') SERVER pgspider_svr OPTIONS(child_name 'test1__parquet_s3_svr__1');
--Testcase 12:
SELECT * FROM test1 ORDER BY one;
     one     |           two           |   three   |        four         |    five    | six |   seven    |     __spd_url      
-------------+-------------------------+-----------+---------------------+------------+-----+------------+--------------------
 -2147483648 | {1,2,3}                 | foo       | 2018-01-01 00:00:00 | 1975-06-18 | t   |        0.5 | /parquet_s3_svr_0/
           0 | {NULL,5,6}              | bar       | 2018-01-02 00:00:00 | 1980-01-02 | f   |            | /parquet_s3_svr_0/
           1 | {7,8,9}                 | baz       | 2018-01-03 00:00:00 | 1999-05-03 | t   |          1 | /parquet_s3_svr_0/
           2 | {10,11,12}              | uno       | 2018-01-04 00:00:00 | 2018-01-04 | f   |        0.5 | /parquet_s3_svr_0/
           3 | {13,14,15}              | dos       | 2018-01-05 00:00:00 | 2018-01-05 | f   |            | /parquet_s3_svr_1/
           4 | {16,17,18}              | tres      | 2018-01-06 00:00:00 | 2018-01-06 | f   |          1 | /parquet_s3_svr_1/
           5 | {-2147483648,2,9989878} | ~!@#$%^&* | 1970-01-01 23:59:59 | 2018-01-07 | f   | -2266.2468 | /parquet_s3_svr_1/
(7 rows)

--Testcase 13:
CREATE FOREIGN TABLE test1__parquet_s3_svr__2 (
    one     INT8,
    two     INT8[],
    three   TEXT,
    four    TIMESTAMP,
    five    DATE,
    six     BOOL,
    seven   FLOAT8)
SERVER parquet_s3_svr
OPTIONS (filename 's3://parquets3/ported_3.parquet', sorted 'one');
CREATE FOREIGN TABLE test1_parquet_s3_child2 PARTITION OF test1 FOR VALUES IN ('/parquet_s3_svr_2/') SERVER pgspider_svr OPTIONS(child_name 'test1__parquet_s3_svr__2');
--Testcase 14:
SELECT * FROM test1 ORDER BY one;
     one     |           two            |                    three                    |        four         |    five    | six |       seven       |     __spd_url      
-------------+--------------------------+---------------------------------------------+---------------------+------------+-----+-------------------+--------------------
 -2147483648 | {1,2,3}                  | foo                                         | 2018-01-01 00:00:00 | 1975-06-18 | t   |               0.5 | /parquet_s3_svr_0/
           0 | {NULL,5,6}               | bar                                         | 2018-01-02 00:00:00 | 1980-01-02 | f   |                   | /parquet_s3_svr_0/
           1 | {7,8,9}                  | baz                                         | 2018-01-03 00:00:00 | 1999-05-03 | t   |                 1 | /parquet_s3_svr_0/
           2 | {10,11,12}               | uno                                         | 2018-01-04 00:00:00 | 2018-01-04 | f   |               0.5 | /parquet_s3_svr_0/
           3 | {13,14,15}               | dos                                         | 2018-01-05 00:00:00 | 2018-01-05 | f   |                   | /parquet_s3_svr_1/
           4 | {16,17,18}               | tres                                        | 2018-01-06 00:00:00 | 2018-01-06 | f   |                 1 | /parquet_s3_svr_1/
           5 | {-2147483648,2,9989878}  | ~!@#$%^&*                                   | 1970-01-01 23:59:59 | 2018-01-07 | f   |        -2266.2468 | /parquet_s3_svr_1/
           6 | {-4478,37671,2147483648} | beAty&日本人はとても勤勉で真面目です@@human | 1999-01-01 23:00:59 | 2020-02-20 | t   |          -0.00015 | /parquet_s3_svr_2/
      100000 | {0,2,1000}               | MANGA&  &ANIME**日本が大好きです* *VIETNAM  | 2049-01-01 00:00:00 | 2100-02-20 | t   |       5464.554455 | /parquet_s3_svr_2/
  2147483648 | {-567271,2309,123456789} | love$%^&*J ap  AN                           | 2222-01-01 00:59:59 | 2500-02-20 | f   | 82470548.49874263 | /parquet_s3_svr_2/
(10 rows)

-- PGSpider Extension does not support IN syntax
-- --Testcase 15:
-- SELECT * FROM test1 IN ('/parquet_s3_svr/') ORDER BY one,seven,__spd_url;
-- no explicit columns mentions
--Testcase 16:
SELECT 1 as x FROM test1;
 x 
---
 1
 1
 1
 1
 1
 1
 1
 1
 1
 1
(10 rows)

--Testcase 17:
SELECT count(*) as count FROM test1;
 count 
-------
    10
(1 row)

-- sorting
--Testcase 18:
EXPLAIN (COSTS OFF) SELECT * FROM test1 ORDER BY one;
                         QUERY PLAN                          
-------------------------------------------------------------
 Sort
   Sort Key: test1.one
   ->  Append
         ->  Foreign Scan on test1_parquet_s3_child0 test1_1
                 Reader: Single File
                 Row groups: 1
         ->  Foreign Scan on test1_parquet_s3_child1 test1_2
                 Reader: Single File
                 Row groups: 1
         ->  Foreign Scan on test1_parquet_s3_child2 test1_3
                 Reader: Single File
                 Row groups: 1
(12 rows)

--Testcase 19:
EXPLAIN (COSTS OFF) SELECT * FROM test1 ORDER BY three;
                         QUERY PLAN                          
-------------------------------------------------------------
 Sort
   Sort Key: test1.three
   ->  Append
         ->  Foreign Scan on test1_parquet_s3_child0 test1_1
                 Reader: Single File
                 Row groups: 1
         ->  Foreign Scan on test1_parquet_s3_child1 test1_2
                 Reader: Single File
                 Row groups: 1
         ->  Foreign Scan on test1_parquet_s3_child2 test1_3
                 Reader: Single File
                 Row groups: 1
(12 rows)

-- filtering
SET client_min_messages = DEBUG1;
--Testcase 20:
SELECT * FROM test1 WHERE one < 1 ORDER BY one;
DEBUG:  GetForeignRelSize
DEBUG:  GetForeignRelSize
DEBUG:  parquet_s3_fdw: skip rowgroup 1
DEBUG:  GetForeignRelSize
DEBUG:  parquet_s3_fdw: skip rowgroup 1
DEBUG:  GetForeignPaths
DEBUG:  GetForeignPaths
DEBUG:  GetForeignPaths
DEBUG:  GetForeignPlan
DEBUG:  GetForeignPlan
DEBUG:  GetForeignPlan
DEBUG:  BeginForeignScan
DEBUG:  parquet_s3_fdw: open Parquet file on S3. parquets3ported_1.parquet
DEBUG:  BeginForeignScan
DEBUG:  BeginForeignScan
DEBUG:  IterateForeignScan
DEBUG:  IterateForeignScan
DEBUG:  IterateForeignScan
DEBUG:  IterateForeignScan
DEBUG:  IterateForeignScan
DEBUG:  IterateForeignScan
DEBUG:  IterateForeignScan
DEBUG:  EndForeignScan
DEBUG:  EndForeignScan
DEBUG:  EndForeignScan
     one     |    two     | three |        four         |    five    | six | seven |     __spd_url      
-------------+------------+-------+---------------------+------------+-----+-------+--------------------
 -2147483648 | {1,2,3}    | foo   | 2018-01-01 00:00:00 | 1975-06-18 | t   |   0.5 | /parquet_s3_svr_0/
           0 | {NULL,5,6} | bar   | 2018-01-02 00:00:00 | 1980-01-02 | f   |       | /parquet_s3_svr_0/
(2 rows)

--Testcase 21:
SELECT * FROM test1 WHERE one <= 1 ORDER BY one;
DEBUG:  GetForeignRelSize
DEBUG:  GetForeignRelSize
DEBUG:  parquet_s3_fdw: skip rowgroup 1
DEBUG:  GetForeignRelSize
DEBUG:  parquet_s3_fdw: skip rowgroup 1
DEBUG:  GetForeignPaths
DEBUG:  GetForeignPaths
DEBUG:  GetForeignPaths
DEBUG:  GetForeignPlan
DEBUG:  GetForeignPlan
DEBUG:  GetForeignPlan
DEBUG:  BeginForeignScan
DEBUG:  parquet_s3_fdw: open Parquet file on S3. parquets3ported_1.parquet
DEBUG:  BeginForeignScan
DEBUG:  BeginForeignScan
DEBUG:  IterateForeignScan
DEBUG:  IterateForeignScan
DEBUG:  IterateForeignScan
DEBUG:  IterateForeignScan
DEBUG:  IterateForeignScan
DEBUG:  IterateForeignScan
DEBUG:  IterateForeignScan
DEBUG:  EndForeignScan
DEBUG:  EndForeignScan
DEBUG:  EndForeignScan
     one     |    two     | three |        four         |    five    | six | seven |     __spd_url      
-------------+------------+-------+---------------------+------------+-----+-------+--------------------
 -2147483648 | {1,2,3}    | foo   | 2018-01-01 00:00:00 | 1975-06-18 | t   |   0.5 | /parquet_s3_svr_0/
           0 | {NULL,5,6} | bar   | 2018-01-02 00:00:00 | 1980-01-02 | f   |       | /parquet_s3_svr_0/
           1 | {7,8,9}    | baz   | 2018-01-03 00:00:00 | 1999-05-03 | t   |     1 | /parquet_s3_svr_0/
(3 rows)

--Testcase 22:
SELECT * FROM test1 WHERE one > 6 ORDER BY one;
DEBUG:  GetForeignRelSize
DEBUG:  parquet_s3_fdw: skip rowgroup 1
DEBUG:  GetForeignRelSize
DEBUG:  parquet_s3_fdw: skip rowgroup 1
DEBUG:  GetForeignRelSize
DEBUG:  GetForeignPaths
DEBUG:  GetForeignPaths
DEBUG:  GetForeignPaths
DEBUG:  GetForeignPlan
DEBUG:  GetForeignPlan
DEBUG:  GetForeignPlan
DEBUG:  BeginForeignScan
DEBUG:  BeginForeignScan
DEBUG:  BeginForeignScan
DEBUG:  parquet_s3_fdw: open Parquet file on S3. parquets3ported_3.parquet
DEBUG:  IterateForeignScan
DEBUG:  IterateForeignScan
DEBUG:  IterateForeignScan
DEBUG:  IterateForeignScan
DEBUG:  IterateForeignScan
DEBUG:  IterateForeignScan
DEBUG:  EndForeignScan
DEBUG:  EndForeignScan
DEBUG:  EndForeignScan
    one     |           two            |                   three                    |        four         |    five    | six |       seven       |     __spd_url      
------------+--------------------------+--------------------------------------------+---------------------+------------+-----+-------------------+--------------------
     100000 | {0,2,1000}               | MANGA&  &ANIME**日本が大好きです* *VIETNAM | 2049-01-01 00:00:00 | 2100-02-20 | t   |       5464.554455 | /parquet_s3_svr_2/
 2147483648 | {-567271,2309,123456789} | love$%^&*J ap  AN                          | 2222-01-01 00:59:59 | 2500-02-20 | f   | 82470548.49874263 | /parquet_s3_svr_2/
(2 rows)

--Testcase 23:
SELECT * FROM test1 WHERE one >= 6 ORDER BY one;
DEBUG:  GetForeignRelSize
DEBUG:  parquet_s3_fdw: skip rowgroup 1
DEBUG:  GetForeignRelSize
DEBUG:  parquet_s3_fdw: skip rowgroup 1
DEBUG:  GetForeignRelSize
DEBUG:  GetForeignPaths
DEBUG:  GetForeignPaths
DEBUG:  GetForeignPaths
DEBUG:  GetForeignPlan
DEBUG:  GetForeignPlan
DEBUG:  GetForeignPlan
DEBUG:  BeginForeignScan
DEBUG:  BeginForeignScan
DEBUG:  BeginForeignScan
DEBUG:  parquet_s3_fdw: open Parquet file on S3. parquets3ported_3.parquet
DEBUG:  IterateForeignScan
DEBUG:  IterateForeignScan
DEBUG:  IterateForeignScan
DEBUG:  IterateForeignScan
DEBUG:  IterateForeignScan
DEBUG:  IterateForeignScan
DEBUG:  EndForeignScan
DEBUG:  EndForeignScan
DEBUG:  EndForeignScan
    one     |           two            |                    three                    |        four         |    five    | six |       seven       |     __spd_url      
------------+--------------------------+---------------------------------------------+---------------------+------------+-----+-------------------+--------------------
          6 | {-4478,37671,2147483648} | beAty&日本人はとても勤勉で真面目です@@human | 1999-01-01 23:00:59 | 2020-02-20 | t   |          -0.00015 | /parquet_s3_svr_2/
     100000 | {0,2,1000}               | MANGA&  &ANIME**日本が大好きです* *VIETNAM  | 2049-01-01 00:00:00 | 2100-02-20 | t   |       5464.554455 | /parquet_s3_svr_2/
 2147483648 | {-567271,2309,123456789} | love$%^&*J ap  AN                           | 2222-01-01 00:59:59 | 2500-02-20 | f   | 82470548.49874263 | /parquet_s3_svr_2/
(3 rows)

--Testcase 24:
SELECT * FROM test1 WHERE one = 2 ORDER BY one;
DEBUG:  GetForeignRelSize
DEBUG:  GetForeignRelSize
DEBUG:  parquet_s3_fdw: skip rowgroup 1
DEBUG:  GetForeignRelSize
DEBUG:  parquet_s3_fdw: skip rowgroup 1
DEBUG:  GetForeignPaths
DEBUG:  GetForeignPaths
DEBUG:  GetForeignPaths
DEBUG:  GetForeignPlan
DEBUG:  GetForeignPlan
DEBUG:  GetForeignPlan
DEBUG:  BeginForeignScan
DEBUG:  parquet_s3_fdw: open Parquet file on S3. parquets3ported_1.parquet
DEBUG:  BeginForeignScan
DEBUG:  BeginForeignScan
DEBUG:  IterateForeignScan
DEBUG:  IterateForeignScan
DEBUG:  IterateForeignScan
DEBUG:  IterateForeignScan
DEBUG:  IterateForeignScan
DEBUG:  IterateForeignScan
DEBUG:  IterateForeignScan
DEBUG:  EndForeignScan
DEBUG:  EndForeignScan
DEBUG:  EndForeignScan
 one |    two     | three |        four         |    five    | six | seven |     __spd_url      
-----+------------+-------+---------------------+------------+-----+-------+--------------------
   2 | {10,11,12} | uno   | 2018-01-04 00:00:00 | 2018-01-04 | f   |   0.5 | /parquet_s3_svr_0/
(1 row)

--Testcase 25:
SELECT * FROM test1 WHERE one = 7 ORDER BY one;
DEBUG:  GetForeignRelSize
DEBUG:  parquet_s3_fdw: skip rowgroup 1
DEBUG:  GetForeignRelSize
DEBUG:  parquet_s3_fdw: skip rowgroup 1
DEBUG:  GetForeignRelSize
DEBUG:  GetForeignPaths
DEBUG:  GetForeignPaths
DEBUG:  GetForeignPaths
DEBUG:  GetForeignPlan
DEBUG:  GetForeignPlan
DEBUG:  GetForeignPlan
DEBUG:  BeginForeignScan
DEBUG:  BeginForeignScan
DEBUG:  BeginForeignScan
DEBUG:  parquet_s3_fdw: open Parquet file on S3. parquets3ported_3.parquet
DEBUG:  IterateForeignScan
DEBUG:  IterateForeignScan
DEBUG:  IterateForeignScan
DEBUG:  IterateForeignScan
DEBUG:  IterateForeignScan
DEBUG:  IterateForeignScan
DEBUG:  EndForeignScan
DEBUG:  EndForeignScan
DEBUG:  EndForeignScan
 one | two | three | four | five | six | seven | __spd_url 
-----+-----+-------+------+------+-----+-------+-----------
(0 rows)

--Testcase 26:
SELECT * FROM test1 WHERE six = true ORDER BY one;
DEBUG:  GetForeignRelSize
DEBUG:  GetForeignRelSize
DEBUG:  parquet_s3_fdw: skip rowgroup 1
DEBUG:  GetForeignRelSize
DEBUG:  GetForeignPaths
DEBUG:  GetForeignPaths
DEBUG:  GetForeignPaths
DEBUG:  GetForeignPlan
DEBUG:  GetForeignPlan
DEBUG:  GetForeignPlan
DEBUG:  BeginForeignScan
DEBUG:  parquet_s3_fdw: open Parquet file on S3. parquets3ported_1.parquet
DEBUG:  BeginForeignScan
DEBUG:  BeginForeignScan
DEBUG:  parquet_s3_fdw: open Parquet file on S3. parquets3ported_3.parquet
DEBUG:  IterateForeignScan
DEBUG:  IterateForeignScan
DEBUG:  IterateForeignScan
DEBUG:  IterateForeignScan
DEBUG:  IterateForeignScan
DEBUG:  IterateForeignScan
DEBUG:  IterateForeignScan
DEBUG:  IterateForeignScan
DEBUG:  IterateForeignScan
DEBUG:  IterateForeignScan
DEBUG:  EndForeignScan
DEBUG:  EndForeignScan
DEBUG:  EndForeignScan
     one     |           two            |                    three                    |        four         |    five    | six |    seven    |     __spd_url      
-------------+--------------------------+---------------------------------------------+---------------------+------------+-----+-------------+--------------------
 -2147483648 | {1,2,3}                  | foo                                         | 2018-01-01 00:00:00 | 1975-06-18 | t   |         0.5 | /parquet_s3_svr_0/
           1 | {7,8,9}                  | baz                                         | 2018-01-03 00:00:00 | 1999-05-03 | t   |           1 | /parquet_s3_svr_0/
           6 | {-4478,37671,2147483648} | beAty&日本人はとても勤勉で真面目です@@human | 1999-01-01 23:00:59 | 2020-02-20 | t   |    -0.00015 | /parquet_s3_svr_2/
      100000 | {0,2,1000}               | MANGA&  &ANIME**日本が大好きです* *VIETNAM  | 2049-01-01 00:00:00 | 2100-02-20 | t   | 5464.554455 | /parquet_s3_svr_2/
(4 rows)

--Testcase 27:
SELECT * FROM test1 WHERE six = false ORDER BY one;
DEBUG:  GetForeignRelSize
DEBUG:  GetForeignRelSize
DEBUG:  GetForeignRelSize
DEBUG:  GetForeignPaths
DEBUG:  GetForeignPaths
DEBUG:  GetForeignPaths
DEBUG:  GetForeignPlan
DEBUG:  GetForeignPlan
DEBUG:  GetForeignPlan
DEBUG:  BeginForeignScan
DEBUG:  parquet_s3_fdw: open Parquet file on S3. parquets3ported_1.parquet
DEBUG:  BeginForeignScan
DEBUG:  parquet_s3_fdw: open Parquet file on S3. parquets3ported_2.parquet
DEBUG:  BeginForeignScan
DEBUG:  parquet_s3_fdw: open Parquet file on S3. parquets3ported_3.parquet
DEBUG:  IterateForeignScan
DEBUG:  IterateForeignScan
DEBUG:  IterateForeignScan
DEBUG:  IterateForeignScan
DEBUG:  IterateForeignScan
DEBUG:  IterateForeignScan
DEBUG:  IterateForeignScan
DEBUG:  IterateForeignScan
DEBUG:  IterateForeignScan
DEBUG:  IterateForeignScan
DEBUG:  IterateForeignScan
DEBUG:  IterateForeignScan
DEBUG:  IterateForeignScan
DEBUG:  EndForeignScan
DEBUG:  EndForeignScan
DEBUG:  EndForeignScan
    one     |           two            |       three       |        four         |    five    | six |       seven       |     __spd_url      
------------+--------------------------+-------------------+---------------------+------------+-----+-------------------+--------------------
          0 | {NULL,5,6}               | bar               | 2018-01-02 00:00:00 | 1980-01-02 | f   |                   | /parquet_s3_svr_0/
          2 | {10,11,12}               | uno               | 2018-01-04 00:00:00 | 2018-01-04 | f   |               0.5 | /parquet_s3_svr_0/
          3 | {13,14,15}               | dos               | 2018-01-05 00:00:00 | 2018-01-05 | f   |                   | /parquet_s3_svr_1/
          4 | {16,17,18}               | tres              | 2018-01-06 00:00:00 | 2018-01-06 | f   |                 1 | /parquet_s3_svr_1/
          5 | {-2147483648,2,9989878}  | ~!@#$%^&*         | 1970-01-01 23:59:59 | 2018-01-07 | f   |        -2266.2468 | /parquet_s3_svr_1/
 2147483648 | {-567271,2309,123456789} | love$%^&*J ap  AN | 2222-01-01 00:59:59 | 2500-02-20 | f   | 82470548.49874263 | /parquet_s3_svr_2/
(6 rows)

--Testcase 28:
SELECT * FROM test1 WHERE seven < 0.9 ORDER BY one;
DEBUG:  GetForeignRelSize
DEBUG:  GetForeignRelSize
DEBUG:  GetForeignRelSize
DEBUG:  GetForeignPaths
DEBUG:  GetForeignPaths
DEBUG:  GetForeignPaths
DEBUG:  GetForeignPlan
DEBUG:  GetForeignPlan
DEBUG:  GetForeignPlan
DEBUG:  BeginForeignScan
DEBUG:  parquet_s3_fdw: open Parquet file on S3. parquets3ported_1.parquet
DEBUG:  BeginForeignScan
DEBUG:  parquet_s3_fdw: open Parquet file on S3. parquets3ported_2.parquet
DEBUG:  BeginForeignScan
DEBUG:  parquet_s3_fdw: open Parquet file on S3. parquets3ported_3.parquet
DEBUG:  IterateForeignScan
DEBUG:  IterateForeignScan
DEBUG:  IterateForeignScan
DEBUG:  IterateForeignScan
DEBUG:  IterateForeignScan
DEBUG:  IterateForeignScan
DEBUG:  IterateForeignScan
DEBUG:  IterateForeignScan
DEBUG:  IterateForeignScan
DEBUG:  IterateForeignScan
DEBUG:  IterateForeignScan
DEBUG:  IterateForeignScan
DEBUG:  IterateForeignScan
DEBUG:  EndForeignScan
DEBUG:  EndForeignScan
DEBUG:  EndForeignScan
     one     |           two            |                    three                    |        four         |    five    | six |   seven    |     __spd_url      
-------------+--------------------------+---------------------------------------------+---------------------+------------+-----+------------+--------------------
 -2147483648 | {1,2,3}                  | foo                                         | 2018-01-01 00:00:00 | 1975-06-18 | t   |        0.5 | /parquet_s3_svr_0/
           2 | {10,11,12}               | uno                                         | 2018-01-04 00:00:00 | 2018-01-04 | f   |        0.5 | /parquet_s3_svr_0/
           5 | {-2147483648,2,9989878}  | ~!@#$%^&*                                   | 1970-01-01 23:59:59 | 2018-01-07 | f   | -2266.2468 | /parquet_s3_svr_1/
           6 | {-4478,37671,2147483648} | beAty&日本人はとても勤勉で真面目です@@human | 1999-01-01 23:00:59 | 2020-02-20 | t   |   -0.00015 | /parquet_s3_svr_2/
(4 rows)

--Testcase 29:
SELECT * FROM test1 WHERE seven IS NULL ORDER BY one;
DEBUG:  GetForeignRelSize
DEBUG:  GetForeignRelSize
DEBUG:  GetForeignRelSize
DEBUG:  GetForeignPaths
DEBUG:  GetForeignPaths
DEBUG:  GetForeignPaths
DEBUG:  GetForeignPlan
DEBUG:  GetForeignPlan
DEBUG:  GetForeignPlan
DEBUG:  BeginForeignScan
DEBUG:  parquet_s3_fdw: open Parquet file on S3. parquets3ported_1.parquet
DEBUG:  BeginForeignScan
DEBUG:  parquet_s3_fdw: open Parquet file on S3. parquets3ported_2.parquet
DEBUG:  BeginForeignScan
DEBUG:  parquet_s3_fdw: open Parquet file on S3. parquets3ported_3.parquet
DEBUG:  IterateForeignScan
DEBUG:  IterateForeignScan
DEBUG:  IterateForeignScan
DEBUG:  IterateForeignScan
DEBUG:  IterateForeignScan
DEBUG:  IterateForeignScan
DEBUG:  IterateForeignScan
DEBUG:  IterateForeignScan
DEBUG:  IterateForeignScan
DEBUG:  IterateForeignScan
DEBUG:  IterateForeignScan
DEBUG:  IterateForeignScan
DEBUG:  IterateForeignScan
DEBUG:  EndForeignScan
DEBUG:  EndForeignScan
DEBUG:  EndForeignScan
 one |    two     | three |        four         |    five    | six | seven |     __spd_url      
-----+------------+-------+---------------------+------------+-----+-------+--------------------
   0 | {NULL,5,6} | bar   | 2018-01-02 00:00:00 | 1980-01-02 | f   |       | /parquet_s3_svr_0/
   3 | {13,14,15} | dos   | 2018-01-05 00:00:00 | 2018-01-05 | f   |       | /parquet_s3_svr_1/
(2 rows)

-- prepared statements
--Testcase 30:
prepare prep(date) as select * from test1 where five < $1;
--Testcase 31:
execute prep('2018-01-03');
DEBUG:  GetForeignRelSize
DEBUG:  GetForeignRelSize
DEBUG:  parquet_s3_fdw: skip rowgroup 1
DEBUG:  GetForeignRelSize
DEBUG:  parquet_s3_fdw: skip rowgroup 1
DEBUG:  GetForeignPaths
DEBUG:  GetForeignPaths
DEBUG:  GetForeignPaths
DEBUG:  GetForeignPlan
DEBUG:  GetForeignPlan
DEBUG:  GetForeignPlan
DEBUG:  BeginForeignScan
DEBUG:  parquet_s3_fdw: open Parquet file on S3. parquets3ported_1.parquet
DEBUG:  BeginForeignScan
DEBUG:  BeginForeignScan
DEBUG:  IterateForeignScan
DEBUG:  IterateForeignScan
DEBUG:  IterateForeignScan
DEBUG:  IterateForeignScan
DEBUG:  IterateForeignScan
DEBUG:  IterateForeignScan
DEBUG:  IterateForeignScan
DEBUG:  EndForeignScan
DEBUG:  EndForeignScan
DEBUG:  EndForeignScan
     one     |    two     | three |        four         |    five    | six | seven |     __spd_url      
-------------+------------+-------+---------------------+------------+-----+-------+--------------------
 -2147483648 | {1,2,3}    | foo   | 2018-01-01 00:00:00 | 1975-06-18 | t   |   0.5 | /parquet_s3_svr_0/
           0 | {NULL,5,6} | bar   | 2018-01-02 00:00:00 | 1980-01-02 | f   |       | /parquet_s3_svr_0/
           1 | {7,8,9}    | baz   | 2018-01-03 00:00:00 | 1999-05-03 | t   |     1 | /parquet_s3_svr_0/
(3 rows)

--Testcase 32:
execute prep('2018-01-01');
DEBUG:  GetForeignRelSize
DEBUG:  GetForeignRelSize
DEBUG:  parquet_s3_fdw: skip rowgroup 1
DEBUG:  GetForeignRelSize
DEBUG:  parquet_s3_fdw: skip rowgroup 1
DEBUG:  GetForeignPaths
DEBUG:  GetForeignPaths
DEBUG:  GetForeignPaths
DEBUG:  GetForeignPlan
DEBUG:  GetForeignPlan
DEBUG:  GetForeignPlan
DEBUG:  BeginForeignScan
DEBUG:  parquet_s3_fdw: open Parquet file on S3. parquets3ported_1.parquet
DEBUG:  BeginForeignScan
DEBUG:  BeginForeignScan
DEBUG:  IterateForeignScan
DEBUG:  IterateForeignScan
DEBUG:  IterateForeignScan
DEBUG:  IterateForeignScan
DEBUG:  IterateForeignScan
DEBUG:  IterateForeignScan
DEBUG:  IterateForeignScan
DEBUG:  EndForeignScan
DEBUG:  EndForeignScan
DEBUG:  EndForeignScan
     one     |    two     | three |        four         |    five    | six | seven |     __spd_url      
-------------+------------+-------+---------------------+------------+-----+-------+--------------------
 -2147483648 | {1,2,3}    | foo   | 2018-01-01 00:00:00 | 1975-06-18 | t   |   0.5 | /parquet_s3_svr_0/
           0 | {NULL,5,6} | bar   | 2018-01-02 00:00:00 | 1980-01-02 | f   |       | /parquet_s3_svr_0/
           1 | {7,8,9}    | baz   | 2018-01-03 00:00:00 | 1999-05-03 | t   |     1 | /parquet_s3_svr_0/
(3 rows)

-- invalid options
-- So, Don't need create child's foreign table.
SET client_min_messages = WARNING;
--Testcase 33:
CREATE FOREIGN TABLE test1__parquet_s3_svr__3 (
    one     INT8,
    two     INT8[],
    three   TEXT,
    four    TIMESTAMP,
    five    DATE,
    six     BOOL,
    seven   FLOAT8)
SERVER parquet_s3_svr;
ERROR:  parquet_s3_fdw: filename or function is required
--Testcase 34:
CREATE FOREIGN TABLE test1__parquet_s3_svr__3 (
    one     INT8,
    two     INT8[],
    three   TEXT,
    four    TIMESTAMP,
    five    DATE,
    six     BOOL,
    seven   FLOAT8)
SERVER parquet_s3_svr
OPTIONS (filename 'nonexistent.parquet', some_option '123');
ERROR:  parquet_s3_fdw: No such file or directory ('nonexistent.parquet')
--Testcase 35:
CREATE FOREIGN TABLE test1__parquet_s3_svr__3 (
    one     INT8,
    two     INT8[],
    three   TEXT,
    four    TIMESTAMP,
    five    DATE,
    six     BOOL,
    seven   FLOAT8)
SERVER parquet_s3_svr
OPTIONS (filename 's3://parquets3/ported_2.parquet', some_option '123');
ERROR:  parquet_s3_fdw: invalid option "some_option"
HINT:  parquet_s3_fdw: There are no valid options in this context.
-- type mismatch
-- So, Don't need create child's foreign table.
--Testcase 36:
CREATE FOREIGN TABLE test1__parquet_s3_svr__4 (one INT8[], two INT8, three TEXT)
SERVER parquet_s3_svr
OPTIONS (filename 's3://parquets3/ported_2.parquet', sorted 'one');
--Testcase 37:
SELECT one FROM test1__parquet_s3_svr__4;
ERROR:  parquet_s3_fdw: failed to initialize cast function for column 'one' (parquet_s3_fdw: coercion pathway from 'bigint' to 'bigint[]' not found)
--Testcase 38:
SELECT two FROM test1__parquet_s3_svr__4;
ERROR:  parquet_s3_fdw: cannot convert parquet column of type LIST to scalar type of postgres column 'two'
-- sequential multifile reader
--Testcase 39:
CREATE TABLE test2 (
    one     INT8,
    two     INT8[],
    three   TEXT,
    four    TIMESTAMP,
    five    DATE,
    six     BOOL,
    seven   FLOAT8,
    __spd_url text) 
 PARTITION BY LIST (__spd_url);
--Testcase 40:
CREATE FOREIGN TABLE test2__parquet_s3_svr__0 (
    one     INT8,
    two     INT8[],
    three   TEXT,
    four    TIMESTAMP,
    five    DATE,
    six     BOOL,
    seven   FLOAT8)
SERVER parquet_s3_svr
OPTIONS (filename 's3://parquets3/ported_3.parquet s3://parquets3/ported_2.parquet s3://parquets3/ported_1.parquet', sorted 'one');
CREATE FOREIGN TABLE test2_parquet_s3_child0 PARTITION OF test2 FOR VALUES IN ('/parquet_s3_svr/') SERVER pgspider_svr OPTIONS(child_name 'test2__parquet_s3_svr__0');
--Testcase 41:
EXPLAIN SELECT * FROM test2;
                                     QUERY PLAN                                     
------------------------------------------------------------------------------------
 Foreign Scan on test2_parquet_s3_child0 test2  (cost=0.00..0.10 rows=10 width=125)
     Reader: Multifile
     Row groups: 
       ported_3.parquet: 1
       ported_2.parquet: 1
       ported_1.parquet: 1
(6 rows)

--Testcase 42:
SELECT * FROM test2;
     one     |           two            |                    three                    |        four         |    five    | six |       seven       |    __spd_url     
-------------+--------------------------+---------------------------------------------+---------------------+------------+-----+-------------------+------------------
           6 | {-4478,37671,2147483648} | beAty&日本人はとても勤勉で真面目です@@human | 1999-01-01 23:00:59 | 2020-02-20 | t   |          -0.00015 | /parquet_s3_svr/
      100000 | {0,2,1000}               | MANGA&  &ANIME**日本が大好きです* *VIETNAM  | 2049-01-01 00:00:00 | 2100-02-20 | t   |       5464.554455 | /parquet_s3_svr/
  2147483648 | {-567271,2309,123456789} | love$%^&*J ap  AN                           | 2222-01-01 00:59:59 | 2500-02-20 | f   | 82470548.49874263 | /parquet_s3_svr/
           3 | {13,14,15}               | dos                                         | 2018-01-05 00:00:00 | 2018-01-05 | f   |                   | /parquet_s3_svr/
           4 | {16,17,18}               | tres                                        | 2018-01-06 00:00:00 | 2018-01-06 | f   |                 1 | /parquet_s3_svr/
           5 | {-2147483648,2,9989878}  | ~!@#$%^&*                                   | 1970-01-01 23:59:59 | 2018-01-07 | f   |        -2266.2468 | /parquet_s3_svr/
 -2147483648 | {1,2,3}                  | foo                                         | 2018-01-01 00:00:00 | 1975-06-18 | t   |               0.5 | /parquet_s3_svr/
           0 | {NULL,5,6}               | bar                                         | 2018-01-02 00:00:00 | 1980-01-02 | f   |                   | /parquet_s3_svr/
           1 | {7,8,9}                  | baz                                         | 2018-01-03 00:00:00 | 1999-05-03 | t   |                 1 | /parquet_s3_svr/
           2 | {10,11,12}               | uno                                         | 2018-01-04 00:00:00 | 2018-01-04 | f   |               0.5 | /parquet_s3_svr/
(10 rows)

-- multifile merge reader
--Testcase 43:
CREATE TABLE test3 (
    one     INT8,
    two     INT8[],
    three   TEXT,
    four    TIMESTAMP,
    five    DATE,
    six     BOOL,
    seven   FLOAT8,
    __spd_url text) 
 PARTITION BY LIST (__spd_url);
--Testcase 44:
CREATE FOREIGN TABLE test3__parquet_s3_svr__0 (
    one     INT8,
    two     INT8[],
    three   TEXT,
    four    TIMESTAMP,
    five    DATE,
    six     BOOL,
    seven   FLOAT8)
SERVER parquet_s3_svr
OPTIONS (filename 's3://parquets3/ported_3.parquet s3://parquets3/ported_2.parquet s3://parquets3/ported_1.parquet', sorted 'one');
CREATE FOREIGN TABLE test3_parquet_s3_child0 PARTITION OF test3 FOR VALUES IN ('/parquet_s3_svr/') SERVER pgspider_svr OPTIONS(child_name 'test3__parquet_s3_svr__0');
--Testcase 45:
EXPLAIN (COSTS OFF) SELECT * FROM test3 ORDER BY one;
                     QUERY PLAN                      
-----------------------------------------------------
 Sort
   Sort Key: test3.one
   ->  Foreign Scan on test3_parquet_s3_child0 test3
           Reader: Multifile
           Row groups: 
             ported_3.parquet: 1
             ported_2.parquet: 1
             ported_1.parquet: 1
(8 rows)

--Testcase 46:
SELECT * FROM test3 ORDER BY one;
     one     |           two            |                    three                    |        four         |    five    | six |       seven       |    __spd_url     
-------------+--------------------------+---------------------------------------------+---------------------+------------+-----+-------------------+------------------
 -2147483648 | {1,2,3}                  | foo                                         | 2018-01-01 00:00:00 | 1975-06-18 | t   |               0.5 | /parquet_s3_svr/
           0 | {NULL,5,6}               | bar                                         | 2018-01-02 00:00:00 | 1980-01-02 | f   |                   | /parquet_s3_svr/
           1 | {7,8,9}                  | baz                                         | 2018-01-03 00:00:00 | 1999-05-03 | t   |                 1 | /parquet_s3_svr/
           2 | {10,11,12}               | uno                                         | 2018-01-04 00:00:00 | 2018-01-04 | f   |               0.5 | /parquet_s3_svr/
           3 | {13,14,15}               | dos                                         | 2018-01-05 00:00:00 | 2018-01-05 | f   |                   | /parquet_s3_svr/
           4 | {16,17,18}               | tres                                        | 2018-01-06 00:00:00 | 2018-01-06 | f   |                 1 | /parquet_s3_svr/
           5 | {-2147483648,2,9989878}  | ~!@#$%^&*                                   | 1970-01-01 23:59:59 | 2018-01-07 | f   |        -2266.2468 | /parquet_s3_svr/
           6 | {-4478,37671,2147483648} | beAty&日本人はとても勤勉で真面目です@@human | 1999-01-01 23:00:59 | 2020-02-20 | t   |          -0.00015 | /parquet_s3_svr/
      100000 | {0,2,1000}               | MANGA&  &ANIME**日本が大好きです* *VIETNAM  | 2049-01-01 00:00:00 | 2100-02-20 | t   |       5464.554455 | /parquet_s3_svr/
  2147483648 | {-567271,2309,123456789} | love$%^&*J ap  AN                           | 2222-01-01 00:59:59 | 2500-02-20 | f   | 82470548.49874263 | /parquet_s3_svr/
(10 rows)

--These test cases are not suitable for PGSpider
---- parallel execution
--SET parallel_setup_cost = 0;
--SET parallel_tuple_cost = 0.001;
--SET cpu_operator_cost = 0.000025;
--ANALYZE test2;
--ANALYZE test3;
--EXPLAIN (COSTS OFF) SELECT * FROM test2;
--EXPLAIN (COSTS OFF) SELECT * FROM test2 ORDER BY one;
--EXPLAIN (COSTS OFF) SELECT * FROM test2 ORDER BY two;
--EXPLAIN (COSTS OFF) SELECT * FROM test3;
--EXPLAIN (COSTS OFF) SELECT * FROM test3 ORDER BY one;
--EXPLAIN (COSTS OFF) SELECT * FROM test3 ORDER BY two;
-- multiple sorting keys
--Testcase 47:
CREATE TABLE test4 (
    one     INT8,
    two     INT8[],
    three   TEXT,
    four    TIMESTAMP,
    five    DATE,
    six     BOOL,
    seven   FLOAT8,
    __spd_url text) 
 PARTITION BY LIST (__spd_url);
--Testcase 48:
CREATE FOREIGN TABLE test4__parquet_s3_svr__0 (
    one     INT8,
    two     INT8[],
    three   TEXT,
    four    TIMESTAMP,
    five    DATE,
    six     BOOL,
    seven   FLOAT8)
SERVER parquet_s3_svr
OPTIONS (filename 's3://parquets3/ported_1.parquet', sorted 'one five');
CREATE FOREIGN TABLE test4_parquet_s3_child0 PARTITION OF test4 FOR VALUES IN ('/parquet_s3_svr_0/') SERVER pgspider_svr OPTIONS(child_name 'test4__parquet_s3_svr__0');
--Testcase 49:
CREATE FOREIGN TABLE test4__parquet_s3_svr__1 (
    one     INT8,
    two     INT8[],
    three   TEXT,
    four    TIMESTAMP,
    five    DATE,
    six     BOOL,
    seven   FLOAT8)
SERVER parquet_s3_svr
OPTIONS (filename 's3://parquets3/ported_2.parquet', sorted 'one five');
CREATE FOREIGN TABLE test4_parquet_s3_child1 PARTITION OF test4 FOR VALUES IN ('/parquet_s3_svr_1/') SERVER pgspider_svr OPTIONS(child_name 'test4__parquet_s3_svr__1');
--Testcase 50:
CREATE FOREIGN TABLE test4__parquet_s3_svr__2 (
    one     INT8,
    two     INT8[],
    three   TEXT,
    four    TIMESTAMP,
    five    DATE,
    six     BOOL,
    seven   FLOAT8)
SERVER parquet_s3_svr
OPTIONS (filename 's3://parquets3/ported_3.parquet', sorted 'one five');
CREATE FOREIGN TABLE test4_parquet_s3_child2 PARTITION OF test4 FOR VALUES IN ('/parquet_s3_svr_2/') SERVER pgspider_svr OPTIONS(child_name 'test4__parquet_s3_svr__2');
--Testcase 51:
EXPLAIN (COSTS OFF) SELECT * FROM test4 ORDER BY one, five;
                         QUERY PLAN                          
-------------------------------------------------------------
 Sort
   Sort Key: test4.one, test4.five
   ->  Append
         ->  Foreign Scan on test4_parquet_s3_child0 test4_1
                 Reader: Single File
                 Row groups: 1
         ->  Foreign Scan on test4_parquet_s3_child1 test4_2
                 Reader: Single File
                 Row groups: 1
         ->  Foreign Scan on test4_parquet_s3_child2 test4_3
                 Reader: Single File
                 Row groups: 1
(12 rows)

--Testcase 52:
SELECT * FROM test4 ORDER BY one, five;
     one     |           two            |                    three                    |        four         |    five    | six |       seven       |     __spd_url      
-------------+--------------------------+---------------------------------------------+---------------------+------------+-----+-------------------+--------------------
 -2147483648 | {1,2,3}                  | foo                                         | 2018-01-01 00:00:00 | 1975-06-18 | t   |               0.5 | /parquet_s3_svr_0/
           0 | {NULL,5,6}               | bar                                         | 2018-01-02 00:00:00 | 1980-01-02 | f   |                   | /parquet_s3_svr_0/
           1 | {7,8,9}                  | baz                                         | 2018-01-03 00:00:00 | 1999-05-03 | t   |                 1 | /parquet_s3_svr_0/
           2 | {10,11,12}               | uno                                         | 2018-01-04 00:00:00 | 2018-01-04 | f   |               0.5 | /parquet_s3_svr_0/
           3 | {13,14,15}               | dos                                         | 2018-01-05 00:00:00 | 2018-01-05 | f   |                   | /parquet_s3_svr_1/
           4 | {16,17,18}               | tres                                        | 2018-01-06 00:00:00 | 2018-01-06 | f   |                 1 | /parquet_s3_svr_1/
           5 | {-2147483648,2,9989878}  | ~!@#$%^&*                                   | 1970-01-01 23:59:59 | 2018-01-07 | f   |        -2266.2468 | /parquet_s3_svr_1/
           6 | {-4478,37671,2147483648} | beAty&日本人はとても勤勉で真面目です@@human | 1999-01-01 23:00:59 | 2020-02-20 | t   |          -0.00015 | /parquet_s3_svr_2/
      100000 | {0,2,1000}               | MANGA&  &ANIME**日本が大好きです* *VIETNAM  | 2049-01-01 00:00:00 | 2100-02-20 | t   |       5464.554455 | /parquet_s3_svr_2/
  2147483648 | {-567271,2309,123456789} | love$%^&*J ap  AN                           | 2222-01-01 00:59:59 | 2500-02-20 | f   | 82470548.49874263 | /parquet_s3_svr_2/
(10 rows)

--Testcase 53:
DROP EXTENSION parquet_s3_fdw CASCADE;
--Testcase 54:
DROP TABLE test1;
--Testcase 55:
DROP TABLE test2;
--Testcase 56:
DROP TABLE test3;
--Testcase 57:
DROP TABLE test4;
--Testcase 58:
DROP SERVER pgspider_svr CASCADE;
--Testcase 59:
DROP EXTENSION pgspider_ext CASCADE;
